     500.00000         255.40119         490.92546         746.32665    
     1000.0000         258.24638         487.95550         746.20189    
