     500.00000         470.78145         470.78190         453.27600    
     1000.0000         476.02600         476.15439         438.56124    
